
   INFO  Server running on [http://127.0.0.1:8000].  

  Press Ctrl+C to stop the server

  2026-07-27 12:15:37 ................................................... ~ 1s
  2026-07-27 12:15:38 ................................................... ~ 0s
  2026-07-27 12:15:38 /css/master.css ................................... ~ 0s
  2026-07-27 12:15:38 /images/logo-default.png .......................... ~ 0s
  2026-07-27 12:15:38 /js/login.min.js?v=5.1 ............................ ~ 0s
  2026-07-27 12:15:38 /js/login.min.js?v=5.1 ............................ ~ 0s
  2026-07-27 12:15:38 ................................................... ~ 0s
  2026-07-27 12:15:38 ................................................... ~ 0s
  2026-07-27 12:15:38 /images/photo-wide-4.jpg?ea98fbfd3510c4f272ebf0b557fc7eba  ~ 0s
  2026-07-27 12:16:19 ................................................... ~ 1s
  2026-07-27 12:16:20 ................................................... ~ 0s
  2026-07-27 12:16:20 ................................................... ~ 0s
  2026-07-27 12:16:20 /css/master.css ................................... ~ 0s
  2026-07-27 12:16:20 /images/logo-default.png .......................... ~ 0s
  2026-07-27 12:16:20 /assets_setup/js/qrcode.js ........................ ~ 0s
  2026-07-27 12:16:20 /assets_setup/js/qrcode.js ........................ ~ 0s
  2026-07-27 12:16:20 /js/main.min.js?v=1785134780 ...................... ~ 0s
  2026-07-27 12:16:20 ................................................... ~ 0s
  2026-07-27 12:16:20 /js/main.min.js?v=1785134780 ...................... ~ 0s
  2026-07-27 12:16:21 /js/bundle/resources_src_views_app_index_vue.6cc20400e11c387a.js  ~ 0s
  2026-07-27 12:16:21 ................................................... ~ 0s
  2026-07-27 12:16:21 /js/bundle/resources_src_views_app_index_vue.6cc20400e11c387a.js  ~ 0s
  2026-07-27 12:16:21 /js/bundle/dashboard.6cc20400e11c387a.js .......... ~ 0s
  2026-07-27 12:16:21 /js/bundle/dashboard.6cc20400e11c387a.js .......... ~ 0s
  2026-07-27 12:16:21 /js/bundle/largeSidebar.6cc20400e11c387a.js ....... ~ 0s
  2026-07-27 12:16:21 /js/bundle/largeSidebar.6cc20400e11c387a.js ....... ~ 0s
  2026-07-27 12:16:21 ................................................... ~ 0s
  2026-07-27 12:16:21 /js/bundle/vue-perfect-scrollbar.6cc20400e11c387a.js  ~ 0s
  2026-07-27 12:16:21 /images/avatar/no_avatar.png ...................... ~ 0s
  2026-07-27 12:16:21 /js/bundle/vue-perfect-scrollbar.6cc20400e11c387a.js  ~ 0s
  2026-07-27 12:16:21 /fonts/icomoon.woff?beb5072df50c81b5d0f77916e825bd01  ~ 0s
  2026-07-27 12:16:34 /js/bundle/resources_src_views_app_pages_reports_index_vue.6cc20400e11c387a.js  ~ 0s
  2026-07-27 12:16:34 /js/bundle/top_selling_products.6cc20400e11c387a.js  ~ 0s
  2026-07-27 12:16:34 /js/bundle/resources_src_views_app_pages_reports_index_vue.6cc20400e11c387a.js  ~ 0s
  2026-07-27 12:16:34 /js/bundle/top_selling_products.6cc20400e11c387a.js  ~ 0s
  2026-07-27 12:16:35 ................................................... ~ 0s
  2026-07-27 12:16:48 ................................................... ~ 0s
  2026-07-27 12:16:53 ................................................... ~ 0s
  2026-07-27 12:17:11 /js/bundle/top_customers.6cc20400e11c387a.js ...... ~ 0s
  2026-07-27 12:17:11 /js/bundle/top_customers.6cc20400e11c387a.js ...... ~ 0s
  2026-07-27 12:17:11 ................................................... ~ 1s
  2026-07-27 12:17:27 /fonts/Vazirmatn-Bold.ttf ......................... ~ 0s
  2026-07-27 12:17:34 ................................................... ~ 1s
  2026-07-27 12:18:11 /js/bundle/purchase_report.6cc20400e11c387a.js .... ~ 0s
  2026-07-27 12:18:11 /js/bundle/purchase_report.6cc20400e11c387a.js .... ~ 0s
  2026-07-27 12:18:11 ................................................... ~ 1s
  2026-07-27 12:18:19 /js/bundle/product_sales_report.6cc20400e11c387a.js  ~ 0s
  2026-07-27 12:18:19 /js/bundle/product_sales_report.6cc20400e11c387a.js  ~ 0s
  2026-07-27 12:18:19 ................................................... ~ 0s
  2026-07-27 12:18:35 ................................................... ~ 0s
  2026-07-27 12:18:36 ................................................... ~ 0s
  2026-07-27 12:18:36 ................................................... ~ 0s
  2026-07-27 12:18:37 ................................................... ~ 0s
  2026-07-27 12:18:37 ................................................... ~ 0s
  2026-07-27 12:18:37 ................................................... ~ 0s
  2026-07-27 12:18:45 ................................................... ~ 0s
  2026-07-27 12:18:45 ................................................... ~ 0s
  2026-07-27 12:18:46 ................................................... ~ 0s

   WARN  127.0.0.1:53878 Invalid request (Unsupported SSL request).  

  2026-07-27 12:18:53 ................................................... ~ 0s

   WARN  127.0.0.1:53879 Invalid request (Unsupported SSL request).  

  2026-07-27 12:18:53 ................................................... ~ 0s
  2026-07-27 12:18:58 ................................................... ~ 0s
  2026-07-27 12:19:16 ................................................... ~ 0s
  2026-07-27 12:19:17 ................................................... ~ 0s
  2026-07-27 12:19:24 ................................................... ~ 0s
  2026-07-27 12:19:47 /js/bundle/stock_report.6cc20400e11c387a.js ....... ~ 0s
  2026-07-27 12:19:47 /js/bundle/stock_report.6cc20400e11c387a.js ....... ~ 0s
  2026-07-27 12:19:47 ................................................... ~ 0s

   WARN  127.0.0.1:53887 Invalid request (Unsupported SSL request).  

  2026-07-27 12:19:53 ................................................... ~ 0s

   WARN  127.0.0.1:53888 Invalid request (Unsupported SSL request).  

  2026-07-27 12:19:53 ................................................... ~ 0s
  2026-07-27 12:20:12 ................................................... ~ 0s
  2026-07-27 12:20:14 /js/bundle/products.6cc20400e11c387a.js ........... ~ 0s
  2026-07-27 12:20:14 /js/bundle/index_products.6cc20400e11c387a.js ..... ~ 0s
  2026-07-27 12:20:14 /js/bundle/products.6cc20400e11c387a.js ........... ~ 0s
  2026-07-27 12:20:14 /js/bundle/index_products.6cc20400e11c387a.js ..... ~ 0s
  2026-07-27 12:20:15 ................................................... ~ 0s

   WARN  127.0.0.1:53895 [404]: GET /images/products/ - No such file or directory.  

  2026-07-27 12:20:15 ................................................... ~ 0s
  2026-07-27 12:20:17 /js/bundle/edit_product.6cc20400e11c387a.js ....... ~ 0s
  2026-07-27 12:20:17 /js/bundle/edit_product.6cc20400e11c387a.js ....... ~ 0s
  2026-07-27 12:20:17 ................................................... ~ 0s
  2026-07-27 12:20:17 /assets_setup/scan.png ............................ ~ 0s
  2026-07-27 12:20:22 ................................................... ~ 0s

   WARN  127.0.0.1:53901 [404]: GET /images/products/ - No such file or directory.  

  2026-07-27 12:20:22 ................................................... ~ 0s
